
> bharat_ai_store@1.0.0 test
> jest --verbose

  console.error
    An update to Root inside a test was not wrapped in act(...).
    
    When testing, code that causes React state updates should be wrapped into act(...):
    
    act(() => {
      /* fire events that update state */
    });
    /* assert on the output */
    
    This ensures that you're testing the behavior the user would see in the browser. Learn more at https://react.dev/link/wrap-tests-with-act

    [0m [90m  6 |[39m describe([32m'<App />'[39m[33m,[39m () [33m=>[39m {
     [90m  7 |[39m     it([32m'has 1 child'[39m[33m,[39m () [33m=>[39m {
    [31m[1m>[22m[39m[90m  8 |[39m         [36mconst[39m tree [33m=[39m renderer[33m.[39mcreate([33m<[39m[33mText[39m[33m>[39m[33mHello[39m [33mWorld[39m[33m<[39m[33m/[39m[33mText[39m[33m>[39m)[33m.[39mtoJSON()[33m;[39m
     [90m    |[39m                               [31m[1m^[22m[39m
     [90m  9 |[39m         expect(tree[33m.[39mchildren[33m.[39mlength)[33m.[39mtoBe([35m1[39m)[33m;[39m
     [90m 10 |[39m     })[33m;[39m
     [90m 11 |[39m })[33m;[39m[0m

      at node_modules/react-test-renderer/cjs/react-test-renderer.development.js:14402:19
      at runWithFiberInDEV (node_modules/react-test-renderer/cjs/react-test-renderer.development.js:2315:13)
      at warnIfUpdatesNotWrappedWithActDEV (node_modules/react-test-renderer/cjs/react-test-renderer.development.js:14401:9)
      at scheduleUpdateOnFiber (node_modules/react-test-renderer/cjs/react-test-renderer.development.js:12086:9)
      at updateContainerImpl (node_modules/react-test-renderer/cjs/react-test-renderer.development.js:14984:9)
      at updateContainer (node_modules/react-test-renderer/cjs/react-test-renderer.development.js:14927:7)
      at Object.process.env.NODE_ENV.exports.create (node_modules/react-test-renderer/cjs/react-test-renderer.development.js:17369:7)
      at Object.create (app/__tests__/App.test.tsx:8:31)

npm : FAIL app/__tests__/App.test.tsx
At line:1 char:1
+ npm test -- --verbose > test_output.txt 2>&1
+ ~~~~~~~~~~~~~~~~~~~~~~~~~~~~~~~~~~~~~~~~~~~~
    + CategoryInfo          : NotSpecified: (FAI 
   L app/__tests__/App.test.tsx:String) [], Rem  
  oteException
    + FullyQualifiedErrorId : NativeCommandError
 
  ● Test suite failed to run

    ReferenceError: You are trying to `import` a 
file outside of the scope of the test code.

      at Runtime._execModule (node_modules/jest-r
untime/build/index.js:1216:13)
      at require (node_modules/expo/src/winter/ru
ntime.native.ts:20:43)
      at getValue (node_modules/expo/src/winter/i
nstallGlobal.ts:97:21)
      at Object.get [as 
__ExpoImportMetaRegistry] (node_modules/expo/src/
winter/installGlobal.ts:44:16)

Test Suites: 1 failed, 1 total
Tests:       0 total
Snapshots:   0 total
Time:        0.721 s
Ran all test suites.
